1 ANSWER: d)	momentum and long wavelength
2 ANSWER: d)	unpredictable, it could be any of them
3 ANSWER: c)	230
4 ANSWER: d) people noticing how much warmer the weather is
5 ANSWER: b) 1930s
6 ANSWER: c) CaCO\ensuremath{_3}
7 ANSWER: a) two cooling stages during warmup from the last major glacial advance
8 ANSWER: b) global warming
9 ANSWER: e) All of these factors are considered.
10 ANSWER: a) Most of the world was wetter and warmer.
11 ANSWER: d)	485; 60
12 ANSWER: d) \emph{The Grapes of Wrath} by John Steinbeck 
13 ANSWER: a) Tambora in 1815 C.E.
14 ANSWER: a)	seiche
15 ANSWER: d)	Impacts of asteroids and comets
16 ANSWER: c)	Earthquakes
17 ANSWER: c)	A section of a coastline where there is a harbor and the bottom of the ocean bottom dips gently.
18 ANSWER: b) increased
19 ANSWER: b) albedo
20 ANSWER: a)	fault motion with vertical offset under the sea during which there is vertical offset
21 ANSWER: a) lowering of global average temperature totaling 2\ensuremath{^\circ}C
