1 ANSWER: b) albedo
2 ANSWER: c)	Earthquakes
3 ANSWER: b) 1930s
4 ANSWER: d)	485; 60
5 ANSWER: e) all of these
6 ANSWER: a) 30 meter rise in sea level
7 ANSWER: a)	seiche
8 ANSWER: e) much higher than
9 ANSWER: a) lowering of global average temperature totaling 2\ensuremath{^\circ}C
10 ANSWER: d)	Impacts of asteroids and comets
11 ANSWER: e) all of these
12 ANSWER: c)	A section of a coastline where there is a harbor and the bottom of the ocean bottom dips gently.
13 ANSWER: d)	unpredictable, it could be any of them
14 ANSWER: c)	230
15 ANSWER: d)	momentum and long wavelength
16 ANSWER: b) increased
17 ANSWER: a)	fault motion with vertical offset under the sea during which there is vertical offset
18 ANSWER: b) global warming
19 ANSWER: d) the Renaissance Warming
20 ANSWER: e) All of these factors are considered.
21 ANSWER: a) two cooling stages during warmup from the last major glacial advance
